// Jest Snapshot v1, https://goo.gl/fbAQLP

exports[`Renders 1`] = `
<DocumentFragment>
  <h3
    class="MuiTypography-root sc-gtsrHT gfbTHa MuiTypography-h3 MuiTypography-alignCenter"
  >
    The person before you is still finishing!
  </h3>
  <p
    class="MuiTypography-root sc-dlnjwi eVnQte MuiTypography-body1"
  >
    Please enjoy random pictures of dogs while you wait.
  </p>
  <img
    alt="Adorable dog"
    class="sc-bdnxRM hPPDrK"
    src=""
  />
</DocumentFragment>
`;
