// Jest Snapshot v1, https://goo.gl/fbAQLP

exports[`Default State 1`] = `undefined`;
