// Jest Snapshot v1, https://goo.gl/fbAQLP

exports[`Renders 1`] = `
<DocumentFragment>
  <div
    class="sc-bdnxRM loEPuz"
  >
    <img
      alt="Telestrations"
      class="sc-dlnjwi jPLrEe"
      src="/logo.png"
    />
    <p
      class="MuiTypography-root sc-hKFxyN fjDotz MuiTypography-body1"
    >
      Please select a game to join
    </p>
    <form
      class="sc-eCApnc fTetLt"
    >
      <div
        class="MuiFormControl-root"
      >
        <label
          class="MuiFormLabel-root MuiInputLabel-root MuiInputLabel-formControl MuiInputLabel-animated MuiInputLabel-outlined"
          data-shrink="false"
          id="game-label"
        >
          Game Code
        </label>
        <div
          class="MuiInputBase-root MuiOutlinedInput-root MuiInputBase-formControl"
        >
          <div
            aria-haspopup="listbox"
            aria-labelledby="game-label"
            class="MuiSelect-root MuiSelect-select MuiSelect-selectMenu MuiSelect-outlined MuiInputBase-input MuiOutlinedInput-input"
            role="button"
            tabindex="0"
          >
            <span>
              â€‹
            </span>
          </div>
          <input
            aria-hidden="true"
            class="MuiSelect-nativeInput"
            tabindex="-1"
            value=""
          />
          <svg
            aria-hidden="true"
            class="MuiSvgIcon-root MuiSelect-icon MuiSelect-iconOutlined"
            focusable="false"
            viewBox="0 0 24 24"
          >
            <path
              d="M7 10l5 5 5-5z"
            />
          </svg>
          <fieldset
            aria-hidden="true"
            class="PrivateNotchedOutline-root-1 MuiOutlinedInput-notchedOutline"
          >
            <legend
              class="PrivateNotchedOutline-legendLabelled-3"
            >
              <span>
                Game Code
              </span>
            </legend>
          </fieldset>
        </div>
      </div>
      <button
        class="MuiButtonBase-root MuiButton-root MuiButton-contained sc-jSFjdj erauwF MuiButton-containedPrimary MuiButton-containedSizeLarge MuiButton-sizeLarge Mui-disabled Mui-disabled"
        disabled=""
        tabindex="-1"
        type="submit"
      >
        <span
          class="MuiButton-label"
        >
          Join Game
        </span>
      </button>
    </form>
  </div>
</DocumentFragment>
`;
